0 verbose cli /data/data/com.termux/files/usr/bin/node /data/data/com.termux/files/usr/lib/node_modules/npm/bin/npm-cli.js
1 info using npm@11.14.1
2 info using node@v25.8.2
3 silly config load:file:/data/data/com.termux/files/usr/lib/node_modules/npm/npmrc
4 silly config load:file:/data/data/com.termux/files/home/.npmrc
5 silly config load:file:/data/data/com.termux/files/usr/etc/npmrc
6 verbose title npm exec localtunnel --port 5000
7 verbose argv "exec" "--" "localtunnel" "--port" "5000"
8 verbose logfile logs-max:10 dir:/data/data/com.termux/files/home/.npm/_logs/2026-05-16T15_16_35_769Z-
9 verbose logfile /data/data/com.termux/files/home/.npm/_logs/2026-05-16T15_16_35_769Z-debug-0.log
10 silly logfile done cleaning log files
11 silly packumentCache heap:1174405120 maxSize:293601280 maxEntrySize:146800640
12 http fetch GET 200 https://registry.npmjs.org/localtunnel 972ms (cache miss)
13 silly packumentCache heap:1174405120 maxSize:293601280 maxEntrySize:146800640
14 verbose cwd /data/data/com.termux/files/home
15 verbose os Linux 4.19.191-g1e6fa7bf2642-dirty
16 verbose node v25.8.2
17 verbose npm  v11.14.1
18 verbose exit 1
19 verbose code 1
